
Allocating common symbols
Common symbol       size              file

ptr_alarm_actuator_state
                    0x4               alarm_actuator.o
AM_current_state    0x1               alarm_monitor.o
ptr_alarm_monitor_state
                    0x4               alarm_monitor.o
PS_current_state    0x1               pressure_sensor.o
alarm_current_state
                    0x1               alarm_actuator.o
ptr_PS_state        0x4               pressure_sensor.o

Memory Configuration

Name             Origin             Length             Attributes
flash            0x08000000         0x00020000         xr
sram             0x20000000         0x00005000         xrw
*default*        0x00000000         0xffffffff

Linker script and memory map


.text           0x08000000      0x484
 *(.vectors*)
 .vectors       0x08000000       0x1c startup.o
                0x08000000                vectors
 *(.text*)
 .text          0x0800001c       0xbc startup.o
                0x0800001c                HARD_Fault_Handler
                0x0800001c                MM_Fault_Handler
                0x0800001c                BUS_Fault_Handler
                0x0800001c                Default_Handler
                0x0800001c                Usage_Fault_Handler
                0x0800001c                NMI_Handler
                0x08000028                Reset_Handler
 .text          0x080000d8       0x9c pressure_sensor.o
                0x080000d8                PS_init
                0x080000f4                ST_PS_reading
                0x08000134                ST_PS_waiting
 .text          0x08000174       0x74 main.o
                0x08000174                setup
                0x08000188                main
                0x080001c8                set_pressure_val
 .text          0x080001e8       0xdc alarm_actuator.o
                0x080001e8                alarm_actuator_init
                0x08000204                startalarm
                0x08000228                ST_ALARMON
                0x08000258                stopalarm
                0x0800027c                ST_ALARMOFF
                0x080002ac                ST_WAITING
 .text          0x080002c4      0x10c driver.o
                0x080002c4                Delay
                0x080002e8                getPressureVal
                0x08000300                Set_Alarm_actuator
                0x08000350                GPIO_INITIALIZATION
 .text          0x080003d0       0xb4 alarm_monitor.o
                0x080003d0                alarm_monitor_init
                0x080003f0                highpressure_detected
                0x0800040c                ST_AM_alarmOFF
                0x08000424                ST_AM_alarmON
                0x08000458                ST_AM_waiting
 *(.rodata*)
                0x08000484                _E_text = .

.glue_7         0x08000484        0x0
 .glue_7        0x00000000        0x0 linker stubs

.glue_7t        0x08000484        0x0
 .glue_7t       0x00000000        0x0 linker stubs

.vfp11_veneer   0x08000484        0x0
 .vfp11_veneer  0x00000000        0x0 linker stubs

.v4_bx          0x08000484        0x0
 .v4_bx         0x00000000        0x0 linker stubs

.iplt           0x08000484        0x0
 .iplt          0x00000000        0x0 startup.o

.rel.dyn        0x08000484        0x0
 .rel.iplt      0x00000000        0x0 startup.o

.data           0x20000000        0x0 load address 0x08000484
                0x20000000                _S_data = .
 *(.data*)
 .data          0x20000000        0x0 startup.o
 .data          0x20000000        0x0 pressure_sensor.o
 .data          0x20000000        0x0 main.o
 .data          0x20000000        0x0 alarm_actuator.o
 .data          0x20000000        0x0 driver.o
 .data          0x20000000        0x0 alarm_monitor.o
                0x20000000                . = ALIGN (0x4)
                0x20000000                _E_data = .

.igot.plt       0x20000000        0x0 load address 0x08000484
 .igot.plt      0x00000000        0x0 startup.o

.bss            0x20000000     0x1020 load address 0x08000484
                0x20000000                _S_bss = .
 *(.bss*)
 .bss           0x20000000        0x0 startup.o
 .bss           0x20000000        0x4 pressure_sensor.o
 .bss           0x20000004        0x4 main.o
 .bss           0x20000008        0x0 alarm_actuator.o
 .bss           0x20000008        0x0 driver.o
 .bss           0x20000008        0x0 alarm_monitor.o
                0x20000008                _E_bss = .
                0x20001008                . = (. + 0x1000)
 *fill*         0x20000008     0x1000 
                0x20001008                _stack_top = .
 COMMON         0x20001008        0x8 pressure_sensor.o
                0x20001008                PS_current_state
                0x2000100c                ptr_PS_state
 COMMON         0x20001010        0x5 alarm_actuator.o
                0x20001010                ptr_alarm_actuator_state
                0x20001014                alarm_current_state
 *fill*         0x20001015        0x3 
 COMMON         0x20001018        0x8 alarm_monitor.o
                0x20001018                AM_current_state
                0x2000101c                ptr_alarm_monitor_state
LOAD startup.o
LOAD pressure_sensor.o
LOAD main.o
LOAD alarm_actuator.o
LOAD driver.o
LOAD alarm_monitor.o
OUTPUT(pressure_controller.elf elf32-littlearm)

.debug_info     0x00000000      0x783
 .debug_info    0x00000000      0x176 startup.o
 .debug_info    0x00000176      0x12f pressure_sensor.o
 .debug_info    0x000002a5      0x116 main.o
 .debug_info    0x000003bb      0x14f alarm_actuator.o
 .debug_info    0x0000050a      0x103 driver.o
 .debug_info    0x0000060d      0x176 alarm_monitor.o

.debug_abbrev   0x00000000      0x43b
 .debug_abbrev  0x00000000       0xd6 startup.o
 .debug_abbrev  0x000000d6       0xc1 pressure_sensor.o
 .debug_abbrev  0x00000197       0xb6 main.o
 .debug_abbrev  0x0000024d       0x9f alarm_actuator.o
 .debug_abbrev  0x000002ec       0x9d driver.o
 .debug_abbrev  0x00000389       0xb2 alarm_monitor.o

.debug_loc      0x00000000      0x424
 .debug_loc     0x00000000       0x64 startup.o
 .debug_loc     0x00000064       0x84 pressure_sensor.o
 .debug_loc     0x000000e8       0x90 main.o
 .debug_loc     0x00000178      0x108 alarm_actuator.o
 .debug_loc     0x00000280       0xc8 driver.o
 .debug_loc     0x00000348       0xdc alarm_monitor.o

.debug_aranges  0x00000000       0xc0
 .debug_aranges
                0x00000000       0x20 startup.o
 .debug_aranges
                0x00000020       0x20 pressure_sensor.o
 .debug_aranges
                0x00000040       0x20 main.o
 .debug_aranges
                0x00000060       0x20 alarm_actuator.o
 .debug_aranges
                0x00000080       0x20 driver.o
 .debug_aranges
                0x000000a0       0x20 alarm_monitor.o

.debug_line     0x00000000      0x2fe
 .debug_line    0x00000000       0xad startup.o
 .debug_line    0x000000ad       0x65 pressure_sensor.o
 .debug_line    0x00000112       0x81 main.o
 .debug_line    0x00000193       0x6c alarm_actuator.o
 .debug_line    0x000001ff       0x9a driver.o
 .debug_line    0x00000299       0x65 alarm_monitor.o

.debug_str      0x00000000      0x34a
 .debug_str     0x00000000      0x156 startup.o
                                0x18a (size before relaxing)
 .debug_str     0x00000156       0x65 pressure_sensor.o
                                0x18a (size before relaxing)
 .debug_str     0x000001bb       0x49 main.o
                                0x172 (size before relaxing)
 .debug_str     0x00000204       0x70 alarm_actuator.o
                                0x1b8 (size before relaxing)
 .debug_str     0x00000274       0x4c driver.o
                                0x156 (size before relaxing)
 .debug_str     0x000002c0       0x8a alarm_monitor.o
                                0x1da (size before relaxing)

.comment        0x00000000       0x11
 .comment       0x00000000       0x11 startup.o
                                 0x12 (size before relaxing)
 .comment       0x00000000       0x12 pressure_sensor.o
 .comment       0x00000000       0x12 main.o
 .comment       0x00000000       0x12 alarm_actuator.o
 .comment       0x00000000       0x12 driver.o
 .comment       0x00000000       0x12 alarm_monitor.o

.ARM.attributes
                0x00000000       0x33
 .ARM.attributes
                0x00000000       0x33 startup.o
 .ARM.attributes
                0x00000033       0x33 pressure_sensor.o
 .ARM.attributes
                0x00000066       0x33 main.o
 .ARM.attributes
                0x00000099       0x33 alarm_actuator.o
 .ARM.attributes
                0x000000cc       0x33 driver.o
 .ARM.attributes
                0x000000ff       0x33 alarm_monitor.o

.debug_frame    0x00000000      0x2d4
 .debug_frame   0x00000000       0x4c startup.o
 .debug_frame   0x0000004c       0x64 pressure_sensor.o
 .debug_frame   0x000000b0       0x64 main.o
 .debug_frame   0x00000114       0xb4 alarm_actuator.o
 .debug_frame   0x000001c8       0x78 driver.o
 .debug_frame   0x00000240       0x94 alarm_monitor.o
