
Memory Configuration

Name             Origin             Length             Attributes
Mem              0x00000000         0x04000000         xrw
*default*        0x00000000         0xffffffff

Linker script and memory map

                0x00010000                . = 0x10000

.startup        0x00010000       0x20
 startup.o(.text)
 .text          0x00010000       0x10 startup.o
                0x00010000                reset
 .text.__stub   0x00010010        0xc linker stubs

.text           0x00010020       0x54
 *(.text)
 .text          0x00010020       0x14 app.o
                0x00010020                main
 .text          0x00010034       0x14 app.o
 .text          0x00010048       0x2c uart.o
                0x00010048                uart_sendString

.data           0x00010074       0xc8
 .data          0x00010074        0x0 startup.o
 .data          0x00010074       0x64 app.o
                0x00010074                string_buffer
 .data          0x000100d8       0x64 app.o
 .data          0x0001013c        0x0 uart.o

.igot.plt       0x0001013c        0x0
 .igot.plt      0x00000000        0x0 startup.o

.glue_7         0x0001013c        0x0
 .glue_7        0x00000000        0x0 linker stubs

.glue_7t        0x0001013c        0x0
 .glue_7t       0x00000000        0x0 linker stubs

.vfp11_veneer   0x0001013c        0x0
 .vfp11_veneer  0x00000000        0x0 linker stubs

.v4_bx          0x0001013c        0x0
 .v4_bx         0x00000000        0x0 linker stubs

.iplt           0x0001013c        0x0
 .iplt          0x00000000        0x0 startup.o

.rel.dyn        0x0001013c        0x0
 .rel.iplt      0x00000000        0x0 startup.o

.bss            0x0001013c        0x0
 *(.bss)
 .bss           0x0001013c        0x0 startup.o
 .bss           0x0001013c        0x0 app.o
 .bss           0x0001013c        0x0 app.o
 .bss           0x0001013c        0x0 uart.o
 *(.COMMON)
                0x0001113c                . = (. + 0x1000)
                0x0001113c                stack_top = .
LOAD startup.o
LOAD app.o
LOAD app.o
LOAD uart.o
OUTPUT(learn-in-depth.elf elf32-littlearm)

.ARM.attributes
                0x00000000       0x2e
 .ARM.attributes
                0x00000000       0x22 startup.o
 .ARM.attributes
                0x00000022       0x32 app.o
 .ARM.attributes
                0x00000054       0x32 app.o
 .ARM.attributes
                0x00000086       0x32 uart.o

.comment        0x00000000       0x11
 .comment       0x00000000       0x11 app.o
                                 0x12 (size before relaxing)
 .comment       0x00000000       0x12 app.o
 .comment       0x00000000       0x12 uart.o

.debug_line     0x00000000       0xe1
 .debug_line    0x00000000       0x3a startup.o
 .debug_line    0x0000003a       0x35 app.o
 .debug_line    0x0000006f       0x35 app.o
 .debug_line    0x000000a4       0x3d uart.o

.debug_info     0x00000000      0x1d0
 .debug_info    0x00000000       0x9e startup.o
 .debug_info    0x0000009e       0x6b app.o
 .debug_info    0x00000109       0x6b app.o
 .debug_info    0x00000174       0x5c uart.o

.debug_abbrev   0x00000000      0x115
 .debug_abbrev  0x00000000       0x14 startup.o
 .debug_abbrev  0x00000014       0x58 app.o
 .debug_abbrev  0x0000006c       0x58 app.o
 .debug_abbrev  0x000000c4       0x51 uart.o

.debug_aranges  0x00000000       0x80
 .debug_aranges
                0x00000000       0x20 startup.o
 .debug_aranges
                0x00000020       0x20 app.o
 .debug_aranges
                0x00000040       0x20 app.o
 .debug_aranges
                0x00000060       0x20 uart.o

.debug_loc      0x00000000       0x90
 .debug_loc     0x00000000       0x2c app.o
 .debug_loc     0x0000002c       0x2c app.o
 .debug_loc     0x00000058       0x38 uart.o

.debug_str      0x00000000       0xc9
 .debug_str     0x00000000       0xa8 app.o
 .debug_str     0x00000000       0xa8 app.o
 .debug_str     0x000000a8       0x21 uart.o
                                 0xa7 (size before relaxing)

.debug_frame    0x00000000       0x88
 .debug_frame   0x00000000       0x2c app.o
 .debug_frame   0x0000002c       0x2c app.o
 .debug_frame   0x00000058       0x30 uart.o
