
Memory Configuration

Name             Origin             Length             Attributes
flash            0x08000000         0x00020000         xr
sram             0x20000000         0x00005000         xrw
*default*        0x00000000         0xffffffff

Linker script and memory map


.text           0x08000000      0x194
 *(.vectors*)
 .vectors       0x08000000       0x1c startup.o
                0x08000000                vectors
 *(.text*)
 .text          0x0800001c       0xbc startup.o
                0x0800001c                HARD_Fault_Handler
                0x0800001c                MM_Fault_Handler
                0x0800001c                BUS_Fault_Handler
                0x0800001c                Default_Handler
                0x0800001c                Usage_Fault_Handler
                0x0800001c                NMI_Handler
                0x08000028                Reset_Handler
 .text          0x080000d8       0xbc main.o
                0x080000d8                main
 *(.rodata*)
                0x08000194                _E_text = .

.glue_7         0x08000194        0x0
 .glue_7        0x00000000        0x0 linker stubs

.glue_7t        0x08000194        0x0
 .glue_7t       0x00000000        0x0 linker stubs

.vfp11_veneer   0x08000194        0x0
 .vfp11_veneer  0x00000000        0x0 linker stubs

.v4_bx          0x08000194        0x0
 .v4_bx         0x00000000        0x0 linker stubs

.iplt           0x08000194        0x0
 .iplt          0x00000000        0x0 startup.o

.rel.dyn        0x08000194        0x0
 .rel.iplt      0x00000000        0x0 startup.o

.data           0x20000000        0x0 load address 0x08000194
                0x20000000                _S_data = .
 *(.data*)
 .data          0x20000000        0x0 startup.o
 .data          0x20000000        0x0 main.o
                0x20000000                . = ALIGN (0x4)
                0x20000000                _E_data = .

.igot.plt       0x20000000        0x0 load address 0x08000194
 .igot.plt      0x00000000        0x0 startup.o

.bss            0x20000000     0x1000 load address 0x08000194
                0x20000000                _S_bss = .
 *(.bss*)
 .bss           0x20000000        0x0 startup.o
 .bss           0x20000000        0x0 main.o
                0x20000000                _E_bss = .
                0x20001000                . = (. + 0x1000)
 *fill*         0x20000000     0x1000 
                0x20001000                _stack_top = .
LOAD startup.o
LOAD main.o
OUTPUT(learn-in-depth_arm_cortex_m3.elf elf32-littlearm)

.debug_info     0x00000000      0x20f
 .debug_info    0x00000000      0x176 startup.o
 .debug_info    0x00000176       0x99 main.o

.debug_abbrev   0x00000000      0x132
 .debug_abbrev  0x00000000       0xd6 startup.o
 .debug_abbrev  0x000000d6       0x5c main.o

.debug_loc      0x00000000       0x9c
 .debug_loc     0x00000000       0x64 startup.o
 .debug_loc     0x00000064       0x38 main.o

.debug_aranges  0x00000000       0x40
 .debug_aranges
                0x00000000       0x20 startup.o
 .debug_aranges
                0x00000020       0x20 main.o

.debug_line     0x00000000      0x14a
 .debug_line    0x00000000       0xad startup.o
 .debug_line    0x000000ad       0x9d main.o

.debug_str      0x00000000      0x16a
 .debug_str     0x00000000      0x163 startup.o
                                0x1a1 (size before relaxing)
 .debug_str     0x00000163        0x7 main.o
                                0x11f (size before relaxing)

.comment        0x00000000       0x11
 .comment       0x00000000       0x11 startup.o
                                 0x12 (size before relaxing)
 .comment       0x00000000       0x12 main.o

.ARM.attributes
                0x00000000       0x33
 .ARM.attributes
                0x00000000       0x33 startup.o
 .ARM.attributes
                0x00000033       0x33 main.o

.debug_frame    0x00000000       0x78
 .debug_frame   0x00000000       0x4c startup.o
 .debug_frame   0x0000004c       0x2c main.o
